> Task :app:preBuild UP-TO-DATE
> Task :app:preReleaseBuild UP-TO-DATE
> Task :app:mergeReleaseJniLibFolders UP-TO-DATE
> Task :app:mergeReleaseNativeLibs UP-TO-DATE
> Task :app:stripReleaseDebugSymbols UP-TO-DATE
> Task :app:extractReleaseNativeSymbolTables UP-TO-DATE
> Task :app:mergeReleaseNativeDebugMetadata NO-SOURCE
> Task :app:checkReleaseDuplicateClasses UP-TO-DATE
> Task :app:generateReleaseBuildConfig UP-TO-DATE
> Task :app:generateReleaseResources UP-TO-DATE
> Task :app:packageReleaseResources
> Task :app:processReleaseNavigationResources UP-TO-DATE
> Task :app:parseReleaseLocalResources UP-TO-DATE
> Task :app:generateReleaseRFile UP-TO-DATE
> Task :app:compileReleaseKotlin UP-TO-DATE
> Task :app:javaPreCompileRelease UP-TO-DATE
> Task :app:compileReleaseJavaWithJavac UP-TO-DATE
> Task :app:checkReleaseAarMetadata UP-TO-DATE
> Task :app:mapReleaseSourceSetPaths UP-TO-DATE
> Task :app:compileReleaseNavigationResources UP-TO-DATE
> Task :app:createReleaseCompatibleScreenManifests
> Task :app:extractDeepLinksRelease UP-TO-DATE
> Task :app:processReleaseMainManifest
> Task :app:processReleaseManifest
> Task :app:processReleaseManifestForPackage
> Task :app:desugarReleaseFileDependencies
> Task :app:mergeReleaseStartupProfile UP-TO-DATE
> Task :app:mergeReleaseResources
> Task :app:mergeExtDexRelease
> Task :app:processReleaseResources FAILED
The message received from the daemon indicates that the daemon has disappeared.
Build request sent: Build{id=0e96a716-660f-45df-b6dd-bf619cb71397, currentDir=/home/z/work/superliquid}
Attempting to read last messages from the daemon log...
Daemon pid: 145
  log file: /home/z/.gradle/daemon/9.7.1/daemon-145.out.log
----- Last 20 lines from daemon log file - daemon-145.out.log -----
2026-10-07T12:49:01.960+0800 [DEBUG] [org.gradle.launcher.daemon.server.SynchronizedDispatchConnection] thread 270: received class org.gradle.launcher.daemon.protocol.Build
2026-10-07T12:49:01.960+0800 [DEBUG] [org.gradle.launcher.daemon.server.DefaultDaemonConnection] thread 270: Received non-IO message from client: Build{id=0e96a716-660f-45df-b6dd-bf619cb71397, currentDir=/home/z/work/superliquid}
2026-10-07T12:49:01.960+0800 [INFO] [org.gradle.launcher.daemon.server.DefaultIncomingConnectionHandler] Received command: Build{id=0e96a716-660f-45df-b6dd-bf619cb71397, currentDir=/home/z/work/superliquid}.
2026-10-07T12:49:01.960+0800 [DEBUG] [org.gradle.launcher.daemon.server.DefaultIncomingConnectionHandler] Starting executing command: Build{id=0e96a716-660f-45df-b6dd-bf619cb71397, currentDir=/home/z/work/superliquid} with connection: socket connection from /127.0.0.1:40761 to /127.0.0.1:44276.
2026-10-07T12:49:01.960+0800 [DEBUG] [org.gradle.launcher.daemon.server.DaemonStateCoordinator] Command execution: started DaemonCommandExecution[command = Build{id=0e96a716-660f-45df-b6dd-bf619cb71397, currentDir=/home/z/work/superliquid}, connection = DefaultDaemonConnection: socket connection from /127.0.0.1:40761 to /127.0.0.1:44276] after 0.43793333333333334 minutes of idle
2026-10-07T12:49:01.961+0800 [INFO] [org.gradle.launcher.daemon.server.DaemonRegistryUpdater] Marking the daemon as busy, address: [9d967618-9684-4072-a71a-4635b79a1ff1 port:40761, addresses:[localhost/127.0.0.1]]
2026-10-07T12:49:01.961+0800 [DEBUG] [org.gradle.launcher.daemon.registry.PersistentDaemonRegistry] Marking busy by address: [9d967618-9684-4072-a71a-4635b79a1ff1 port:40761, addresses:[localhost/127.0.0.1]]
2026-10-07T12:49:01.961+0800 [DEBUG] [org.gradle.cache.internal.DefaultFileLockManager] Waiting to acquire exclusive lock on daemon addresses registry.
2026-10-07T12:49:01.961+0800 [DEBUG] [org.gradle.cache.internal.DefaultFileLockManager] Lock acquired on daemon addresses registry.
2026-10-07T12:49:01.961+0800 [DEBUG] [org.gradle.cache.internal.DefaultFileLockManager] Releasing lock on daemon addresses registry.
2026-10-07T12:49:01.961+0800 [DEBUG] [org.gradle.launcher.daemon.server.DaemonStateCoordinator] resetting idle timer
2026-10-07T12:49:01.961+0800 [INFO] [org.gradle.launcher.daemon.server.exec.StartBuildOrRespondWithBusy] Daemon is about to start building Build{id=0e96a716-660f-45df-b6dd-bf619cb71397, currentDir=/home/z/work/superliquid}. Dispatching build started information...
2026-10-07T12:49:01.962+0800 [DEBUG] [org.gradle.launcher.daemon.server.SynchronizedDispatchConnection] thread 252: dispatching org.gradle.launcher.daemon.protocol.BuildStarted@23259fcf
2026-10-07T12:49:01.962+0800 [DEBUG] [org.gradle.launcher.daemon.server.exec.LogToClient] About to start relaying all logs to the client via the connection.
2026-10-07T12:49:01.962+0800 [INFO] [org.gradle.launcher.daemon.server.exec.LogToClient] The client will now receive all logging from the daemon (pid: 145). The daemon log file: /home/z/.gradle/daemon/9.7.1/daemon-145.out.log
2026-10-07T12:49:01.962+0800 [DEBUG] [org.gradle.launcher.daemon.server.DaemonStateCoordinator] daemon is running. Sleeping until state changes.
2026-10-07T12:49:01.962+0800 [DEBUG] [org.gradle.launcher.daemon.server.exec.ApplyClientEnvironmentVariables] Configuring env variables: [PATH, TZ, KUBERNETES_PORT, ENVD_DIR, BUN_INSTALL_BIN, JAVA_HOME, CLICOLOR_FORCE, TERM, GODEBUG, KUBERNETES_SERVICE_HOST, UV_CACHE_DIR, BUN_RUNTIME_TRANSPILER_CACHE_PATH, DATABASE_URL, MAIL, CLAWHUB_WORKDIR, aliyun_log_crd_user_defined_id, LOGNAME, NO_COLOR, PWD, GATEWAY_TOKEN, CLAWHUB_DISABLE_TELEMETRY, _, KUBERNETES_PORT_443_TCP, SHELL, KUBERNETES_PORT_443_TCP_ADDR, UV_PYTHON, KUBERNETES_PORT_443_TCP_PROTO, OLDPWD, BUN_INSTALL, CLICOLOR, USER, KUBERNETES_SERVICE_PORT, PYTHONDONTWRITEBYTECODE, PYTHONUNBUFFERED, DEBIAN_FRONTEND, HOSTNAME, POD_NAME, ECI_CONTAINER_TYPE, KUBERNETES_PORT_443_TCP_PORT, POD_UID, LC_CTYPE, KUBERNETES_SERVICE_PORT_HTTPS, SHLVL, HOME]
2026-10-07T12:49:01.963+0800 [INFO] [org.gradle.launcher.daemon.server.exec.LogAndCheckHealth] Starting 8th build in daemon [uptime: 48 mins 56.89 secs, performance: 97%, GC rate: 0.00/s, heap usage: 0% of 1.5 GiB, non-heap usage: 64% of 512 MiB]
2026-10-07T12:49:01.963+0800 [DEBUG] [org.gradle.launcher.daemon.server.exec.ExecuteBuild] The daemon has started executing the build.
2026-10-07T12:49:01.963+0800 [DEBUG] [org.gradle.launcher.daemon.server.exec.ExecuteBuild] Executing build with daemon context: DefaultDaemonContext[uid=9d07c540-0582-4a33-a051-3464d64ddea9,javaHome=/home/z/work/env/jdk-21.0.12.1+1,javaVersion=21,javaVendor=Eclipse Adoptium,daemonRegistryDir=/home/z/.gradle/daemon,pid=145,idleTimeout=10800000,priority=NORMAL,applyInstrumentationAgent=true,nativeServicesMode=ENABLED,daemonOpts=-XX:MaxMetaspaceSize=512m,-Xmx1536m,-Dfile.encoding=UTF-8,-Duser.country=US,-Duser.language=en,-Duser.variant]----- End of the daemon log -----


FAILURE: Build failed with an exception.

* What went wrong:
Gradle build daemon disappeared unexpectedly (it may have been killed or may have crashed)

* Try:
> Run with --stacktrace option to get the stack trace.
> Run with --info or --debug option to get more log output.
> Run with --scan to get full insights from a Build Scan (powered by Develocity).
> Get more help at https://help.gradle.org.
