> Task :app:preBuild UP-TO-DATE
> Task :app:preReleaseBuild UP-TO-DATE
> Task :app:mergeReleaseJniLibFolders UP-TO-DATE
> Task :app:mergeReleaseNativeLibs UP-TO-DATE
> Task :app:stripReleaseDebugSymbols UP-TO-DATE
> Task :app:extractReleaseNativeSymbolTables UP-TO-DATE
> Task :app:mergeReleaseNativeDebugMetadata NO-SOURCE
> Task :app:checkReleaseDuplicateClasses UP-TO-DATE
> Task :app:generateReleaseBuildConfig UP-TO-DATE
> Task :app:generateReleaseResources UP-TO-DATE
> Task :app:packageReleaseResources UP-TO-DATE
> Task :app:processReleaseNavigationResources UP-TO-DATE
> Task :app:parseReleaseLocalResources UP-TO-DATE
> Task :app:generateReleaseRFile UP-TO-DATE
> Task :app:javaPreCompileRelease UP-TO-DATE
> Task :app:mergeReleaseArtProfile UP-TO-DATE
> Task :app:checkReleaseAarMetadata UP-TO-DATE
> Task :app:mapReleaseSourceSetPaths UP-TO-DATE
> Task :app:compileReleaseNavigationResources UP-TO-DATE
> Task :app:mergeReleaseResources UP-TO-DATE
> Task :app:createReleaseCompatibleScreenManifests UP-TO-DATE
> Task :app:extractDeepLinksRelease UP-TO-DATE
> Task :app:processReleaseMainManifest UP-TO-DATE
> Task :app:processReleaseManifest UP-TO-DATE
> Task :app:processReleaseManifestForPackage UP-TO-DATE
> Task :app:processReleaseResources UP-TO-DATE
> Task :app:extractProguardFiles UP-TO-DATE
> Task :app:mergeReleaseStartupProfile UP-TO-DATE
> Task :app:generateReleaseAssets UP-TO-DATE
> Task :app:mergeReleaseAssets UP-TO-DATE
> Task :app:compressReleaseAssets UP-TO-DATE
> Task :app:collectReleaseDependencies UP-TO-DATE
> Task :app:sdkReleaseDependencyData UP-TO-DATE
> Task :app:writeReleaseAppMetadata UP-TO-DATE
> Task :app:writeReleaseSigningConfigVersions UP-TO-DATE

> Task :app:compileReleaseKotlin
w: file:///home/z/work/superliquid/app/src/main/java/io/github/liuran001/mmliquidglass/ui/Components.kt:139:32 'fun Slider(value: Float, onValueChange: (Float) -> Unit, modifier: Modifier = ..., enabled: Boolean = ..., valueRange: ClosedFloatingPointRange<Float> = ..., steps: Int = ..., onValueChangeFinished: (() -> Unit)? = ..., colors: SliderColors = ..., interactionSource: MutableInteractionSource = ...): Unit' is deprecated. Use the Slider overload that accepts SliderState, onValueChange, and onValueChangeFinished instead.
w: file:///home/z/work/superliquid/app/src/main/java/io/github/liuran001/mmliquidglass/ui/screen/settings/SettingsPage.kt:68:44 'fun largeTopAppBarColors(containerColor: Color = ..., scrolledContainerColor: Color = ..., navigationIconContentColor: Color = ..., titleContentColor: Color = ..., actionIconContentColor: Color = ...): TopAppBarColors' is deprecated. Use topAppBarColors instead.

> Task :app:compileReleaseJavaWithJavac
Note: /home/z/work/superliquid/app/src/main/java/io/github/liuran001/mmliquidglass/BiliHomeBar.java uses or overrides a deprecated API.
Note: Recompile with -Xlint:deprecation for details.

> Task :app:mergeReleaseGeneratedProguardFiles
> Task :app:processReleaseJavaRes
> Task :app:mergeReleaseJavaResource
> Task :app:expandReleaseArtProfileWildcards
> Task :app:produceReleaseComposeMapping
> Task :app:reportReleaseComposeMappingErrors
> Task :app:generateReleaseLintVitalReportModel
> Task :app:minifyReleaseWithR8
> Task :app:lintVitalAnalyzeRelease

The message received from the daemon indicates that the daemon has disappeared.
Build request sent: Build{id=a6a3cf3e-427a-4eec-8d5c-8c23f28355a3, currentDir=/home/z/work/superliquid}
Attempting to read last messages from the daemon log...
Daemon pid: 413
  log file: /home/z/.gradle/daemon/9.7.1/daemon-413.out.log
----- Last 20 lines from daemon log file - daemon-413.out.log -----
2026-10-07T17:54:42.299+0800 [DEBUG] [org.gradle.cache.internal.DefaultFileLockManager] Waiting to acquire exclusive lock on daemon addresses registry.
2026-10-07T17:54:42.299+0800 [DEBUG] [org.gradle.cache.internal.DefaultFileLockManager] Lock acquired on daemon addresses registry.
2026-10-07T17:54:42.300+0800 [DEBUG] [org.gradle.cache.internal.DefaultFileLockManager] Releasing lock on daemon addresses registry.
2026-10-07T17:54:42.300+0800 [DEBUG] [org.gradle.launcher.daemon.server.DaemonStateCoordinator] resetting idle timer
2026-10-07T17:54:42.302+0800 [DEBUG] [sun.rmi.client.ref] RMI RenewClean-[127.0.0.1:17581,org.jetbrains.kotlin.daemon.common.LoopbackNetworkInterface$ClientLoopbackSocketFactory@3ffc11f6]: free connection (reuse = true)
2026-10-07T17:54:42.302+0800 [DEBUG] [sun.rmi.transport.tcp] RMI RenewClean-[127.0.0.1:17581,org.jetbrains.kotlin.daemon.common.LoopbackNetworkInterface$ClientLoopbackSocketFactory@3ffc11f6]: reuse connection
2026-10-07T17:54:42.302+0800 [DEBUG] [sun.rmi.transport.tcp] RMI RenewClean-[127.0.0.1:17581,org.jetbrains.kotlin.daemon.common.LoopbackNetworkInterface$ClientLoopbackSocketFactory@3ffc11f6]: create reaper
2026-10-07T17:54:42.302+0800 [DEBUG] [org.gradle.launcher.daemon.server.DaemonStateCoordinator] daemon is running. Sleeping until state changes.
2026-10-07T17:54:42.303+0800 [INFO] [org.gradle.launcher.daemon.server.exec.StartBuildOrRespondWithBusy] Daemon is about to start building Build{id=a6a3cf3e-427a-4eec-8d5c-8c23f28355a3, currentDir=/home/z/work/superliquid}. Dispatching build started information...
2026-10-07T17:54:42.303+0800 [DEBUG] [org.gradle.launcher.daemon.server.SynchronizedDispatchConnection] thread 202: dispatching org.gradle.launcher.daemon.protocol.BuildStarted@19c66d78
2026-10-07T17:54:42.303+0800 [DEBUG] [org.gradle.launcher.daemon.server.exec.LogToClient] About to start relaying all logs to the client via the connection.
2026-10-07T17:54:42.303+0800 [INFO] [org.gradle.launcher.daemon.server.exec.LogToClient] The client will now receive all logging from the daemon (pid: 413). The daemon log file: /home/z/.gradle/daemon/9.7.1/daemon-413.out.log
2026-10-07T17:54:42.303+0800 [DEBUG] [org.gradle.launcher.daemon.server.exec.ApplyClientEnvironmentVariables] Configuring env variables: [PATH, TZ, KUBERNETES_PORT, ENVD_DIR, BUN_INSTALL_BIN, JAVA_HOME, CLICOLOR_FORCE, TERM, GODEBUG, KUBERNETES_SERVICE_HOST, UV_CACHE_DIR, BUN_RUNTIME_TRANSPILER_CACHE_PATH, DATABASE_URL, MAIL, CLAWHUB_WORKDIR, aliyun_log_crd_user_defined_id, LOGNAME, NO_COLOR, PWD, GATEWAY_TOKEN, CLAWHUB_DISABLE_TELEMETRY, _, KUBERNETES_PORT_443_TCP, SHELL, KUBERNETES_PORT_443_TCP_ADDR, UV_PYTHON, KUBERNETES_PORT_443_TCP_PROTO, OLDPWD, BUN_INSTALL, CLICOLOR, USER, KUBERNETES_SERVICE_PORT, PYTHONDONTWRITEBYTECODE, PYTHONUNBUFFERED, DEBIAN_FRONTEND, HOSTNAME, POD_NAME, ECI_CONTAINER_TYPE, KUBERNETES_PORT_443_TCP_PORT, POD_UID, LC_CTYPE, KUBERNETES_SERVICE_PORT_HTTPS, SHLVL, HOME]
2026-10-07T17:54:42.304+0800 [INFO] [org.gradle.launcher.daemon.server.exec.LogAndCheckHealth] Starting 7th build in daemon [uptime: 14 mins 3.57 secs, performance: 98%, GC rate: 0.00/s, heap usage: 0% of 1.5 GiB, non-heap usage: 39% of 512 MiB]
2026-10-07T17:54:42.308+0800 [DEBUG] [org.gradle.launcher.daemon.server.exec.ExecuteBuild] The daemon has started executing the build.
2026-10-07T17:54:42.308+0800 [DEBUG] [org.gradle.launcher.daemon.server.exec.ExecuteBuild] Executing build with daemon context: DefaultDaemonContext[uid=40c44b70-3fc3-4151-a251-836218fce8f5,javaHome=/home/z/work/env/jdk-21.0.12.1+1,javaVersion=21,javaVendor=Eclipse Adoptium,daemonRegistryDir=/home/z/.gradle/daemon,pid=413,idleTimeout=10800000,priority=NORMAL,applyInstrumentationAgent=true,nativeServicesMode=ENABLED,daemonOpts=-XX:MaxMetaspaceSize=512m,-Xmx1536m,-Dfile.encoding=UTF-8,-Duser.country=US,-Duser.language=en,-Duser.variant]
w: file:///home/z/work/superliquid/app/src/main/java/io/github/liuran001/mmliquidglass/ui/Components.kt:139:32 'fun Slider(value: Float, onValueChange: (Float) -> Unit, modifier: Modifier = ..., enabled: Boolean = ..., valueRange: ClosedFloatingPointRange<Float> = ..., steps: Int = ..., onValueChangeFinished: (() -> Unit)? = ..., colors: SliderColors = ..., interactionSource: MutableInteractionSource = ...): Unit' is deprecated. Use the Slider overload that accepts SliderState, onValueChange, and onValueChangeFinished instead.
w: file:///home/z/work/superliquid/app/src/main/java/io/github/liuran001/mmliquidglass/ui/screen/settings/SettingsPage.kt:68:44 'fun largeTopAppBarColors(containerColor: Color = ..., scrolledContainerColor: Color = ..., navigationIconContentColor: Color = ..., titleContentColor: Color = ..., actionIconContentColor: Color = ...): TopAppBarColors' is deprecated. Use topAppBarColors instead.
Note: /home/z/work/superliquid/app/src/main/java/io/github/liuran001/mmliquidglass/BiliHomeBar.java uses or overrides a deprecated API.
Note: Recompile with -Xlint:deprecation for details.----- End of the daemon log -----


FAILURE: Build failed with an exception.

* What went wrong:
Gradle build daemon disappeared unexpectedly (it may have been killed or may have crashed)

* Try:
> Run with --stacktrace option to get the stack trace.
> Run with --info or --debug option to get more log output.
> Run with --scan to get full insights from a Build Scan (powered by Develocity).
> Get more help at https://help.gradle.org.
