To honour the JVM settings for this build a single-use Daemon process will be forked. For more on this, please refer to https://docs.gradle.org/9.7.1/userguide/gradle_daemon.html#sec:disabling_the_daemon in the Gradle documentation.
Daemon will be stopped at the end of the build 
> Task :app:preBuild UP-TO-DATE
> Task :app:preReleaseBuild UP-TO-DATE
> Task :app:mergeReleaseJniLibFolders UP-TO-DATE
> Task :app:mergeReleaseNativeLibs UP-TO-DATE
> Task :app:stripReleaseDebugSymbols UP-TO-DATE
> Task :app:extractReleaseNativeSymbolTables UP-TO-DATE
> Task :app:mergeReleaseNativeDebugMetadata NO-SOURCE
> Task :app:checkReleaseDuplicateClasses UP-TO-DATE
> Task :app:generateReleaseBuildConfig UP-TO-DATE
> Task :app:generateReleaseResources UP-TO-DATE
> Task :app:packageReleaseResources UP-TO-DATE
> Task :app:processReleaseNavigationResources UP-TO-DATE
> Task :app:parseReleaseLocalResources UP-TO-DATE
> Task :app:generateReleaseRFile UP-TO-DATE
> Task :app:javaPreCompileRelease UP-TO-DATE
> Task :app:mergeReleaseArtProfile UP-TO-DATE
> Task :app:checkReleaseAarMetadata UP-TO-DATE
> Task :app:mapReleaseSourceSetPaths UP-TO-DATE
> Task :app:compileReleaseNavigationResources UP-TO-DATE
> Task :app:mergeReleaseResources UP-TO-DATE
> Task :app:createReleaseCompatibleScreenManifests UP-TO-DATE
> Task :app:extractDeepLinksRelease UP-TO-DATE
> Task :app:processReleaseMainManifest UP-TO-DATE
> Task :app:processReleaseManifest UP-TO-DATE
> Task :app:processReleaseManifestForPackage UP-TO-DATE
> Task :app:processReleaseResources UP-TO-DATE
> Task :app:extractProguardFiles UP-TO-DATE
> Task :app:mergeReleaseStartupProfile UP-TO-DATE
> Task :app:generateReleaseAssets UP-TO-DATE
> Task :app:mergeReleaseAssets UP-TO-DATE
> Task :app:compressReleaseAssets UP-TO-DATE
> Task :app:collectReleaseDependencies UP-TO-DATE
> Task :app:sdkReleaseDependencyData UP-TO-DATE
> Task :app:writeReleaseAppMetadata UP-TO-DATE
> Task :app:writeReleaseSigningConfigVersions UP-TO-DATE

> Task :app:compileReleaseKotlin
e: file:///home/z/work/superliquid/app/src/main/java/io/github/liuran001/mmliquidglass/ui/screen/colorpalette/ColorPaletteScreenMaterial.kt:214:78 Unresolved reference 'Star4'.
e: file:///home/z/work/superliquid/app/src/main/java/io/github/liuran001/mmliquidglass/ui/screen/colorpalette/ColorPaletteScreenMaterial.kt:215:77 Unresolved reference 'Star7'.
e: file:///home/z/work/superliquid/app/src/main/java/io/github/liuran001/mmliquidglass/ui/screen/colorpalette/ColorPaletteScreenMaterial.kt:216:76 Unresolved reference 'Star3'.
e: file:///home/z/work/superliquid/app/src/main/java/io/github/liuran001/mmliquidglass/ui/screen/colorpalette/ColorPaletteScreenMaterial.kt:217:83 Unresolved reference 'Star1'.
e: file:///home/z/work/superliquid/app/src/main/java/io/github/liuran001/mmliquidglass/ui/screen/colorpalette/ColorPaletteScreenMaterial.kt:218:66 Unresolved reference 'Star4'.
e: file:///home/z/work/superliquid/app/src/main/java/io/github/liuran001/mmliquidglass/ui/screen/colorpalette/ColorPaletteScreenMaterial.kt:236:53 Unresolved reference 'Style'.
e: file:///home/z/work/superliquid/app/src/main/java/io/github/liuran001/mmliquidglass/ui/screen/colorpalette/ColorPaletteScreenMaterial.kt:248:53 Unresolved reference 'DesignServices'.
e: file:///home/z/work/superliquid/app/src/main/java/io/github/liuran001/mmliquidglass/ui/screen/colorpalette/ColorPaletteScreenMaterial.kt:267:53 Unresolved reference 'Pin'.
e: file:///home/z/work/superliquid/app/src/main/java/io/github/liuran001/mmliquidglass/ui/screen/colorpalette/ColorPaletteScreenMaterial.kt:303:53 Unresolved reference 'Swipe'.
e: file:///home/z/work/superliquid/app/src/main/java/io/github/liuran001/mmliquidglass/ui/screen/colorpalette/ColorPaletteScreenMaterial.kt:312:53 Unresolved reference 'ViewCarousel'.
e: file:///home/z/work/superliquid/app/src/main/java/io/github/liuran001/mmliquidglass/ui/screen/colorpalette/ColorPaletteScreenMaterial.kt:343:46 Unresolved reference 'AspectRatio'.
e: file:///home/z/work/superliquid/app/src/main/java/io/github/liuran001/mmliquidglass/ui/screen/colorpalette/ColorPaletteScreenMaterial.kt:395:46 Unresolved reference 'Description'.
e: file:///home/z/work/superliquid/app/src/main/java/io/github/liuran001/mmliquidglass/ui/screen/colorpalette/ColorPaletteScreenMaterial.kt:536:47 Unresolved reference 'Home'.
e: file:///home/z/work/superliquid/app/src/main/java/io/github/liuran001/mmliquidglass/ui/screen/colorpalette/ColorPaletteScreenMaterial.kt:558:51 Unresolved reference 'Home'.
e: file:///home/z/work/superliquid/app/src/main/java/io/github/liuran001/mmliquidglass/ui/screen/colorpalette/ColorPaletteScreenMiuix.kt:180:50 Unresolved reference 'Wallpaper'.
e: file:///home/z/work/superliquid/app/src/main/java/io/github/liuran001/mmliquidglass/ui/screen/colorpalette/ColorPaletteScreenMiuix.kt:220:58 Unresolved reference 'Colorize'.
e: file:///home/z/work/superliquid/app/src/main/java/io/github/liuran001/mmliquidglass/ui/screen/colorpalette/ColorPaletteScreenMiuix.kt:241:66 Unresolved reference 'Style'.
e: file:///home/z/work/superliquid/app/src/main/java/io/github/liuran001/mmliquidglass/ui/screen/colorpalette/ColorPaletteScreenMiuix.kt:259:66 Unresolved reference 'DesignServices'.
e: file:///home/z/work/superliquid/app/src/main/java/io/github/liuran001/mmliquidglass/ui/screen/colorpalette/ColorPaletteScreenMiuix.kt:288:54 Unresolved reference 'BlurOn'.
e: file:///home/z/work/superliquid/app/src/main/java/io/github/liuran001/mmliquidglass/ui/screen/colorpalette/ColorPaletteScreenMiuix.kt:305:50 Unresolved reference 'CallToAction'.
e: file:///home/z/work/superliquid/app/src/main/java/io/github/liuran001/mmliquidglass/ui/screen/colorpalette/ColorPaletteScreenMiuix.kt:322:54 Unresolved reference 'WaterDrop'.
e: file:///home/z/work/superliquid/app/src/main/java/io/github/liuran001/mmliquidglass/ui/screen/colorpalette/ColorPaletteScreenMiuix.kt:339:50 Unresolved reference 'Pin'.
e: file:///home/z/work/superliquid/app/src/main/java/io/github/liuran001/mmliquidglass/ui/screen/colorpalette/ColorPaletteScreenMiuix.kt:380:50 Unresolved reference 'Swipe'.
e: file:///home/z/work/superliquid/app/src/main/java/io/github/liuran001/mmliquidglass/ui/screen/colorpalette/ColorPaletteScreenMiuix.kt:398:50 Unresolved reference 'ViewCarousel'.
e: file:///home/z/work/superliquid/app/src/main/java/io/github/liuran001/mmliquidglass/ui/screen/colorpalette/ColorPaletteScreenMiuix.kt:414:50 Unresolved reference 'AspectRatio'.
e: file:///home/z/work/superliquid/app/src/main/java/io/github/liuran001/mmliquidglass/ui/screen/colorpalette/ColorPaletteScreenMiuix.kt:466:50 Unresolved reference 'Description'.

> Task :app:compileReleaseKotlin FAILED

[Incubating] Problems report is available at: file:///home/z/work/superliquid/build/reports/problems/problems-report.html

FAILURE: Build failed with an exception.

* What went wrong:
Execution failed for task ':app:compileReleaseKotlin' (registered by plugin 'com.android.internal.application').
> A failure occurred while executing org.jetbrains.kotlin.compilerRunner.btapi.BuildToolsApiCompilationWork
   > Kotlin compiler: UNRESOLVED_REFERENCE
       Kotlin compiler error
         Unresolved reference 'Star4'.
         Location: /home/z/work/superliquid/app/src/main/java/io/github/liuran001/mmliquidglass/ui/screen/colorpalette/ColorPaletteScreenMaterial.kt line 214

* Try:
> Run with --stacktrace option to get the stack trace.
> Run with --info or --debug option to get more log output.
> Run with --scan to get full insights from a Build Scan (powered by Develocity).
> Get more help at https://help.gradle.org.

BUILD FAILED in 26s
32 actionable tasks: 1 executed, 31 up-to-date
