> Task :app:preBuild UP-TO-DATE
> Task :app:preReleaseBuild UP-TO-DATE
> Task :app:mergeReleaseJniLibFolders UP-TO-DATE
> Task :app:mergeReleaseNativeLibs UP-TO-DATE
> Task :app:stripReleaseDebugSymbols UP-TO-DATE
> Task :app:extractReleaseNativeSymbolTables UP-TO-DATE
> Task :app:mergeReleaseNativeDebugMetadata NO-SOURCE
> Task :app:checkReleaseDuplicateClasses UP-TO-DATE
> Task :app:generateReleaseBuildConfig UP-TO-DATE
> Task :app:generateReleaseResources UP-TO-DATE
> Task :app:packageReleaseResources UP-TO-DATE
> Task :app:processReleaseNavigationResources UP-TO-DATE
> Task :app:parseReleaseLocalResources UP-TO-DATE
> Task :app:generateReleaseRFile UP-TO-DATE
> Task :app:javaPreCompileRelease UP-TO-DATE
> Task :app:checkReleaseAarMetadata UP-TO-DATE
> Task :app:mapReleaseSourceSetPaths UP-TO-DATE
> Task :app:compileReleaseNavigationResources UP-TO-DATE
> Task :app:mergeReleaseResources UP-TO-DATE
> Task :app:createReleaseCompatibleScreenManifests UP-TO-DATE
> Task :app:extractDeepLinksRelease UP-TO-DATE
> Task :app:processReleaseMainManifest UP-TO-DATE
> Task :app:processReleaseManifest UP-TO-DATE
> Task :app:processReleaseManifestForPackage UP-TO-DATE
> Task :app:processReleaseResources UP-TO-DATE
> Task :app:desugarReleaseFileDependencies UP-TO-DATE
> Task :app:mergeReleaseStartupProfile UP-TO-DATE
> Task :app:mergeExtDexRelease UP-TO-DATE
> Task :app:mergeReleaseArtProfile
> Task :app:generateReleaseAssets UP-TO-DATE
> Task :app:mergeReleaseAssets
> Task :app:compressReleaseAssets
> Task :app:extractProguardFiles
> Task :app:optimizeReleaseResources
> Task :app:collectReleaseDependencies
> Task :app:sdkReleaseDependencyData
> Task :app:writeReleaseAppMetadata
> Task :app:writeReleaseSigningConfigVersions

> Task :app:compileReleaseKotlin FAILED
e: file:///home/z/work/superliquid/app/src/main/java/io/github/liuran001/mmliquidglass/ui/Components.kt:10:43 Cannot access 'val RowColumnParentData?.weight: Float': it is internal in file.
e: file:///home/z/work/superliquid/app/src/main/java/io/github/liuran001/mmliquidglass/ui/Config.kt:76:50 Argument type mismatch: actual type is '<anonymous>', but 'XposedServiceHelper.OnServiceListener!' was expected.
e: file:///home/z/work/superliquid/app/src/main/java/io/github/liuran001/mmliquidglass/ui/Config.kt:77:37 Unresolved reference 'XposedServiceListener'.
e: file:///home/z/work/superliquid/app/src/main/java/io/github/liuran001/mmliquidglass/ui/HomeScreen.kt:28:29 Unresolved reference 'BuildConfig'.
e: file:///home/z/work/superliquid/app/src/main/java/io/github/liuran001/mmliquidglass/ui/HomeScreen.kt:49:72 @Composable invocations can only happen from the context of a @Composable function
e: file:///home/z/work/superliquid/app/src/main/java/io/github/liuran001/mmliquidglass/ui/MainActivity.kt:34:35 Unresolved reference 'extended'.
e: file:///home/z/work/superliquid/app/src/main/java/io/github/liuran001/mmliquidglass/ui/MainActivity.kt:35:35 Unresolved reference 'extended'.
e: file:///home/z/work/superliquid/app/src/main/java/io/github/liuran001/mmliquidglass/ui/MainActivity.kt:36:35 Unresolved reference 'extended'.
e: file:///home/z/work/superliquid/app/src/main/java/io/github/liuran001/mmliquidglass/ui/MainActivity.kt:55:84 None of the following candidates is applicable:

val Icons.Filled.Home: ImageVector:
  Candidate 'val Icons.Filled.Home: ImageVector' is inapplicable because of a receiver type mismatch.

val Icons.Outlined.Home: ImageVector:
  Candidate 'val Icons.Outlined.Home: ImageVector' is inapplicable because of a receiver type mismatch.
e: file:///home/z/work/superliquid/app/src/main/java/io/github/liuran001/mmliquidglass/ui/MainActivity.kt:56:84 Unresolved reference 'All'.
e: file:///home/z/work/superliquid/app/src/main/java/io/github/liuran001/mmliquidglass/ui/MainActivity.kt:57:96 None of the following candidates is applicable:

val Icons.Filled.Settings: ImageVector:
  Candidate 'val Icons.Filled.Settings: ImageVector' is inapplicable because of a receiver type mismatch.

val Icons.Outlined.Settings: ImageVector:
  Candidate 'val Icons.Outlined.Settings: ImageVector' is inapplicable because of a receiver type mismatch.

[Incubating] Problems report is available at: file:///home/z/work/superliquid/build/reports/problems/problems-report.html

FAILURE: Build failed with an exception.

* What went wrong:
Execution failed for task ':app:compileReleaseKotlin' (registered by plugin 'com.android.internal.application').
> A failure occurred while executing org.jetbrains.kotlin.compilerRunner.btapi.BuildToolsApiCompilationWork
   > Kotlin compiler: INVISIBLE_REFERENCE
       Kotlin compiler error
         Cannot access 'val RowColumnParentData?.weight: Float': it is internal in file.
         Location: /home/z/work/superliquid/app/src/main/java/io/github/liuran001/mmliquidglass/ui/Components.kt line 10

* Try:
> Run with --stacktrace option to get the stack trace.
> Run with --info or --debug option to get more log output.
> Run with --scan to get full insights from a Build Scan (powered by Develocity).
> Get more help at https://help.gradle.org.

BUILD FAILED in 9s
35 actionable tasks: 10 executed, 25 up-to-date
