To honour the JVM settings for this build a single-use Daemon process will be forked. For more on this, please refer to https://docs.gradle.org/9.7.1/userguide/gradle_daemon.html#sec:disabling_the_daemon in the Gradle documentation.
Daemon will be stopped at the end of the build 
> Task :app:preBuild UP-TO-DATE
> Task :app:preReleaseBuild UP-TO-DATE
> Task :app:mergeReleaseJniLibFolders UP-TO-DATE
> Task :app:mergeReleaseNativeLibs UP-TO-DATE
> Task :app:stripReleaseDebugSymbols UP-TO-DATE
> Task :app:extractReleaseNativeSymbolTables UP-TO-DATE
> Task :app:mergeReleaseNativeDebugMetadata NO-SOURCE
> Task :app:checkReleaseDuplicateClasses UP-TO-DATE
> Task :app:generateReleaseBuildConfig UP-TO-DATE
> Task :app:generateReleaseResources UP-TO-DATE
> Task :app:packageReleaseResources UP-TO-DATE
> Task :app:processReleaseNavigationResources UP-TO-DATE
> Task :app:parseReleaseLocalResources UP-TO-DATE
> Task :app:generateReleaseRFile UP-TO-DATE
> Task :app:javaPreCompileRelease UP-TO-DATE
> Task :app:mergeReleaseArtProfile UP-TO-DATE
> Task :app:checkReleaseAarMetadata UP-TO-DATE
> Task :app:mapReleaseSourceSetPaths UP-TO-DATE
> Task :app:compileReleaseNavigationResources UP-TO-DATE
> Task :app:mergeReleaseResources UP-TO-DATE
> Task :app:createReleaseCompatibleScreenManifests UP-TO-DATE
> Task :app:extractDeepLinksRelease UP-TO-DATE
> Task :app:processReleaseMainManifest UP-TO-DATE
> Task :app:processReleaseManifest UP-TO-DATE
> Task :app:processReleaseManifestForPackage UP-TO-DATE
> Task :app:processReleaseResources UP-TO-DATE
> Task :app:extractProguardFiles UP-TO-DATE
> Task :app:mergeReleaseStartupProfile UP-TO-DATE
> Task :app:generateReleaseAssets UP-TO-DATE
> Task :app:mergeReleaseAssets UP-TO-DATE
> Task :app:compressReleaseAssets UP-TO-DATE
> Task :app:collectReleaseDependencies UP-TO-DATE
> Task :app:sdkReleaseDependencyData UP-TO-DATE
> Task :app:writeReleaseAppMetadata UP-TO-DATE
> Task :app:writeReleaseSigningConfigVersions UP-TO-DATE

> Task :app:compileReleaseKotlin
e: file:///home/z/work/superliquid/app/src/main/java/io/github/liuran001/mmliquidglass/ui/screen/colorpalette/ColorPaletteScreenMaterial.kt:53:48 Unresolved reference 'Description'.
e: file:///home/z/work/superliquid/app/src/main/java/io/github/liuran001/mmliquidglass/ui/screen/colorpalette/ColorPaletteScreenMaterial.kt:56:48 Unresolved reference 'Style'.
e: file:///home/z/work/superliquid/app/src/main/java/io/github/liuran001/mmliquidglass/ui/screen/colorpalette/ColorPaletteScreenMaterial.kt:248:53 Unresolved reference 'Style'.
e: file:///home/z/work/superliquid/app/src/main/java/io/github/liuran001/mmliquidglass/ui/screen/colorpalette/ColorPaletteScreenMaterial.kt:407:46 Unresolved reference 'Description'.
e: file:///home/z/work/superliquid/app/src/main/java/io/github/liuran001/mmliquidglass/ui/screen/colorpalette/ColorPaletteScreenMiuix.kt:36:61 Unresolved reference 'MenuOpen'.
e: file:///home/z/work/superliquid/app/src/main/java/io/github/liuran001/mmliquidglass/ui/screen/colorpalette/ColorPaletteScreenMiuix.kt:37:48 Unresolved reference 'AspectRatio'.
e: file:///home/z/work/superliquid/app/src/main/java/io/github/liuran001/mmliquidglass/ui/screen/colorpalette/ColorPaletteScreenMiuix.kt:38:48 Unresolved reference 'BlurOn'.
e: file:///home/z/work/superliquid/app/src/main/java/io/github/liuran001/mmliquidglass/ui/screen/colorpalette/ColorPaletteScreenMiuix.kt:39:48 Unresolved reference 'CallToAction'.
e: file:///home/z/work/superliquid/app/src/main/java/io/github/liuran001/mmliquidglass/ui/screen/colorpalette/ColorPaletteScreenMiuix.kt:40:48 Unresolved reference 'Colorize'.
e: file:///home/z/work/superliquid/app/src/main/java/io/github/liuran001/mmliquidglass/ui/screen/colorpalette/ColorPaletteScreenMiuix.kt:41:48 Unresolved reference 'Description'.
e: file:///home/z/work/superliquid/app/src/main/java/io/github/liuran001/mmliquidglass/ui/screen/colorpalette/ColorPaletteScreenMiuix.kt:42:48 Unresolved reference 'DesignServices'.
e: file:///home/z/work/superliquid/app/src/main/java/io/github/liuran001/mmliquidglass/ui/screen/colorpalette/ColorPaletteScreenMiuix.kt:43:48 Unresolved reference 'Pin'.
e: file:///home/z/work/superliquid/app/src/main/java/io/github/liuran001/mmliquidglass/ui/screen/colorpalette/ColorPaletteScreenMiuix.kt:44:48 Unresolved reference 'Style'.
e: file:///home/z/work/superliquid/app/src/main/java/io/github/liuran001/mmliquidglass/ui/screen/colorpalette/ColorPaletteScreenMiuix.kt:45:48 Unresolved reference 'Wallpaper'.
e: file:///home/z/work/superliquid/app/src/main/java/io/github/liuran001/mmliquidglass/ui/screen/colorpalette/ColorPaletteScreenMiuix.kt:46:48 Unresolved reference 'WaterDrop'.
e: file:///home/z/work/superliquid/app/src/main/java/io/github/liuran001/mmliquidglass/ui/screen/colorpalette/ColorPaletteScreenMiuix.kt:47:48 Unresolved reference 'Swipe'.
e: file:///home/z/work/superliquid/app/src/main/java/io/github/liuran001/mmliquidglass/ui/screen/colorpalette/ColorPaletteScreenMiuix.kt:48:48 Unresolved reference 'ViewCarousel'.
e: file:///home/z/work/superliquid/app/src/main/java/io/github/liuran001/mmliquidglass/ui/screen/colorpalette/ColorPaletteScreenMiuix.kt:191:51 Unresolved reference 'Wallpaper'.
e: file:///home/z/work/superliquid/app/src/main/java/io/github/liuran001/mmliquidglass/ui/screen/colorpalette/ColorPaletteScreenMiuix.kt:231:59 Unresolved reference 'Colorize'.
e: file:///home/z/work/superliquid/app/src/main/java/io/github/liuran001/mmliquidglass/ui/screen/colorpalette/ColorPaletteScreenMiuix.kt:252:67 Unresolved reference 'Style'.
e: file:///home/z/work/superliquid/app/src/main/java/io/github/liuran001/mmliquidglass/ui/screen/colorpalette/ColorPaletteScreenMiuix.kt:270:67 Unresolved reference 'DesignServices'.
e: file:///home/z/work/superliquid/app/src/main/java/io/github/liuran001/mmliquidglass/ui/screen/colorpalette/ColorPaletteScreenMiuix.kt:299:55 Unresolved reference 'BlurOn'.
e: file:///home/z/work/superliquid/app/src/main/java/io/github/liuran001/mmliquidglass/ui/screen/colorpalette/ColorPaletteScreenMiuix.kt:316:51 Unresolved reference 'CallToAction'.
e: file:///home/z/work/superliquid/app/src/main/java/io/github/liuran001/mmliquidglass/ui/screen/colorpalette/ColorPaletteScreenMiuix.kt:333:55 Unresolved reference 'WaterDrop'.
e: file:///home/z/work/superliquid/app/src/main/java/io/github/liuran001/mmliquidglass/ui/screen/colorpalette/ColorPaletteScreenMiuix.kt:350:51 Unresolved reference 'Pin'.
e: file:///home/z/work/superliquid/app/src/main/java/io/github/liuran001/mmliquidglass/ui/screen/colorpalette/ColorPaletteScreenMiuix.kt:374:68 Unresolved reference 'MenuOpen'.
e: file:///home/z/work/superliquid/app/src/main/java/io/github/liuran001/mmliquidglass/ui/screen/colorpalette/ColorPaletteScreenMiuix.kt:391:51 Unresolved reference 'Swipe'.
e: file:///home/z/work/superliquid/app/src/main/java/io/github/liuran001/mmliquidglass/ui/screen/colorpalette/ColorPaletteScreenMiuix.kt:409:51 Unresolved reference 'ViewCarousel'.
e: file:///home/z/work/superliquid/app/src/main/java/io/github/liuran001/mmliquidglass/ui/screen/colorpalette/ColorPaletteScreenMiuix.kt:425:51 Unresolved reference 'AspectRatio'.
e: file:///home/z/work/superliquid/app/src/main/java/io/github/liuran001/mmliquidglass/ui/screen/colorpalette/ColorPaletteScreenMiuix.kt:477:51 Unresolved reference 'Description'.
e: file:///home/z/work/superliquid/app/src/main/java/io/github/liuran001/mmliquidglass/ui/screen/settings/SettingsPage.kt:6:47 Unresolved reference 'DisplaySettings'.
e: file:///home/z/work/superliquid/app/src/main/java/io/github/liuran001/mmliquidglass/ui/screen/settings/SettingsPage.kt:7:47 Unresolved reference 'Palette'.
e: file:///home/z/work/superliquid/app/src/main/java/io/github/liuran001/mmliquidglass/ui/screen/settings/SettingsPage.kt:8:47 Unresolved reference 'RestartAlt'.
e: file:///home/z/work/superliquid/app/src/main/java/io/github/liuran001/mmliquidglass/ui/screen/settings/SettingsPage.kt:85:53 Unresolved reference 'DisplaySettings'.
e: file:///home/z/work/superliquid/app/src/main/java/io/github/liuran001/mmliquidglass/ui/screen/settings/SettingsPage.kt:103:54 Unresolved reference 'Palette'.
e: file:///home/z/work/superliquid/app/src/main/java/io/github/liuran001/mmliquidglass/ui/screen/settings/SettingsPage.kt:116:54 Unresolved reference 'RestartAlt'.

> Task :app:compileReleaseKotlin FAILED

[Incubating] Problems report is available at: file:///home/z/work/superliquid/build/reports/problems/problems-report.html

FAILURE: Build failed with an exception.

* What went wrong:
Execution failed for task ':app:compileReleaseKotlin' (registered by plugin 'com.android.internal.application').
> A failure occurred while executing org.jetbrains.kotlin.compilerRunner.btapi.BuildToolsApiCompilationWork
   > Kotlin compiler: UNRESOLVED_IMPORT
       Kotlin compiler error
         Unresolved reference 'Description'.
         Location: /home/z/work/superliquid/app/src/main/java/io/github/liuran001/mmliquidglass/ui/screen/colorpalette/ColorPaletteScreenMaterial.kt line 53

* Try:
> Run with --stacktrace option to get the stack trace.
> Run with --info or --debug option to get more log output.
> Run with --scan to get full insights from a Build Scan (powered by Develocity).
> Get more help at https://help.gradle.org.

BUILD FAILED in 28s
32 actionable tasks: 1 executed, 31 up-to-date
