> Task :app:preBuild UP-TO-DATE
> Task :app:preReleaseBuild UP-TO-DATE
> Task :app:mergeReleaseJniLibFolders UP-TO-DATE
> Task :app:mergeReleaseNativeLibs UP-TO-DATE
> Task :app:stripReleaseDebugSymbols UP-TO-DATE
> Task :app:extractReleaseNativeSymbolTables UP-TO-DATE
> Task :app:mergeReleaseNativeDebugMetadata NO-SOURCE
> Task :app:checkReleaseDuplicateClasses UP-TO-DATE
> Task :app:generateReleaseBuildConfig UP-TO-DATE
> Task :app:generateReleaseResources UP-TO-DATE
> Task :app:packageReleaseResources UP-TO-DATE
> Task :app:processReleaseNavigationResources UP-TO-DATE
> Task :app:parseReleaseLocalResources UP-TO-DATE
> Task :app:generateReleaseRFile UP-TO-DATE
> Task :app:compileReleaseKotlin UP-TO-DATE
> Task :app:javaPreCompileRelease UP-TO-DATE

> Task :app:compileReleaseJavaWithJavac
Note: Some input files use or override a deprecated API.
Note: Recompile with -Xlint:deprecation for details.

> Task :app:checkReleaseAarMetadata UP-TO-DATE
> Task :app:mapReleaseSourceSetPaths UP-TO-DATE
> Task :app:compileReleaseNavigationResources UP-TO-DATE
> Task :app:mergeReleaseResources UP-TO-DATE
> Task :app:createReleaseCompatibleScreenManifests UP-TO-DATE
> Task :app:extractDeepLinksRelease UP-TO-DATE

> Task :app:processReleaseMainManifest FAILED
/home/z/work/superliquid/app/src/main/AndroidManifest.xml:14:5-68 Error:
	uses-sdk:minSdkVersion 26 cannot be smaller than version 33 declared in library [top.yukonga.miuix.kmp:miuix-blur-android:0.9.4] /home/z/.gradle/caches/9.7.1/transforms/fca05264f4a16613dc9607d79ba2a539/transformed/miuix-blur/AndroidManifest.xml as the library might be using APIs not available in 26
	Suggestion: use a compatible library with a minSdk of at most 26,
		or increase this project's minSdk version to at least 33,
		or use tools:overrideLibrary="top.yukonga.miuix.kmp.blur" to force usage (may lead to runtime failures)

See https://developer.android.com/r/studio-ui/build/manifest-merger for more information about the manifest merger.


[Incubating] Problems report is available at: file:///home/z/work/superliquid/build/reports/problems/problems-report.html

FAILURE: Build failed with an exception.

* What went wrong:
Execution failed for task ':app:processReleaseMainManifest' (registered by plugin 'com.android.internal.application').
> Manifest merger failed : uses-sdk:minSdkVersion 26 cannot be smaller than version 33 declared in library [top.yukonga.miuix.kmp:miuix-blur-android:0.9.4] /home/z/.gradle/caches/9.7.1/transforms/fca05264f4a16613dc9607d79ba2a539/transformed/miuix-blur/AndroidManifest.xml as the library might be using APIs not available in 26
  	Suggestion: use a compatible library with a minSdk of at most 26,
  		or increase this project's minSdk version to at least 33,
  		or use tools:overrideLibrary="top.yukonga.miuix.kmp.blur" to force usage (may lead to runtime failures)

* Try:
> Run with --stacktrace option to get the stack trace.
> Run with --info or --debug option to get more log output.
> Run with --scan to get full insights from a Build Scan (powered by Develocity).
> Get more help at https://help.gradle.org.

BUILD FAILED in 10s
21 actionable tasks: 2 executed, 19 up-to-date
