> Task :app:preBuild UP-TO-DATE
> Task :app:preReleaseBuild UP-TO-DATE
> Task :app:mergeReleaseJniLibFolders UP-TO-DATE
> Task :app:mergeReleaseNativeLibs UP-TO-DATE
> Task :app:stripReleaseDebugSymbols UP-TO-DATE
> Task :app:extractReleaseNativeSymbolTables UP-TO-DATE
> Task :app:mergeReleaseNativeDebugMetadata NO-SOURCE
> Task :app:generateReleaseBuildConfig
> Task :app:generateReleaseResources
> Task :app:packageReleaseResources
> Task :app:processReleaseNavigationResources
> Task :app:parseReleaseLocalResources
> Task :app:generateReleaseRFile
> Task :app:checkReleaseDuplicateClasses
> Task :app:javaPreCompileRelease UP-TO-DATE
> Task :app:checkReleaseAarMetadata
> Task :app:mapReleaseSourceSetPaths
> Task :app:compileReleaseNavigationResources UP-TO-DATE
> Task :app:mergeReleaseResources
> Task :app:createReleaseCompatibleScreenManifests
> Task :app:extractDeepLinksRelease UP-TO-DATE

> Task :app:processReleaseMainManifest FAILED
/home/z/work/superliquid/app/src/main/AndroidManifest.xml Error:
	uses-sdk:minSdkVersion 26 cannot be smaller than version 33 declared in library [top.yukonga.miuix.kmp:miuix-blur-android:0.9.4] /home/z/.gradle/caches/9.7.1/transforms/fca05264f4a16613dc9607d79ba2a539/transformed/miuix-blur/AndroidManifest.xml as the library might be using APIs not available in 26
	Suggestion: use a compatible library with a minSdk of at most 26,
		or increase this project's minSdk version to at least 33,
		or use tools:overrideLibrary="top.yukonga.miuix.kmp.blur" to force usage (may lead to runtime failures)

See https://developer.android.com/r/studio-ui/build/manifest-merger for more information about the manifest merger.


> Task :app:compileReleaseKotlin
e: file:///home/z/work/superliquid/app/src/main/java/io/github/liuran001/mmliquidglass/data/repository/SettingsRepository.kt:19:71 Cannot access 'var uiPrefs: SharedPreferences': it is private in 'io.github.liuran001.mmliquidglass.ui.Config'.
e: file:///home/z/work/superliquid/app/src/main/java/io/github/liuran001/mmliquidglass/ui/Components.kt:100:49 Unresolved reference 'onSurfaceVariant' on receiver of type 'Colors'.
e: file:///home/z/work/superliquid/app/src/main/java/io/github/liuran001/mmliquidglass/ui/MainActivity.kt:50:17 Unresolved reference 'LocalColorMode'.
e: file:///home/z/work/superliquid/app/src/main/java/io/github/liuran001/mmliquidglass/ui/MainActivity.kt:67:14 Unresolved reference 'R'.
e: file:///home/z/work/superliquid/app/src/main/java/io/github/liuran001/mmliquidglass/ui/MainActivity.kt:68:14 Unresolved reference 'R'.
e: file:///home/z/work/superliquid/app/src/main/java/io/github/liuran001/mmliquidglass/ui/MainActivity.kt:69:14 Unresolved reference 'R'.
e: file:///home/z/work/superliquid/app/src/main/java/io/github/liuran001/mmliquidglass/ui/MainActivity.kt:81:36 Unresolved reference 'R'.
e: file:///home/z/work/superliquid/app/src/main/java/io/github/liuran001/mmliquidglass/ui/MainActivity.kt:82:38 Unresolved reference 'R'.
e: file:///home/z/work/superliquid/app/src/main/java/io/github/liuran001/mmliquidglass/ui/MainActivity.kt:87:36 Unresolved reference 'R'.
e: file:///home/z/work/superliquid/app/src/main/java/io/github/liuran001/mmliquidglass/ui/component/material/SegmentedList.kt:22:35 Unresolved reference 'SelectableDropdownMenuItem'.
e: file:///home/z/work/superliquid/app/src/main/java/io/github/liuran001/mmliquidglass/ui/component/material/SegmentedList.kt:26:35 Unresolved reference 'ListItemShapes'.
e: file:///home/z/work/superliquid/app/src/main/java/io/github/liuran001/mmliquidglass/ui/component/material/SegmentedList.kt:33:35 Unresolved reference 'SegmentedListItem'.
e: file:///home/z/work/superliquid/app/src/main/java/io/github/liuran001/mmliquidglass/ui/component/material/SegmentedList.kt:75:46 Unresolved reference 'ListItemShapes'.
e: file:///home/z/work/superliquid/app/src/main/java/io/github/liuran001/mmliquidglass/ui/component/material/SegmentedList.kt:75:63 Argument type mismatch: actual type is '() -> Nothing?', but '() -> uninferred T (of fun <T> compositionLocalOf)' was expected.
e: file:///home/z/work/superliquid/app/src/main/java/io/github/liuran001/mmliquidglass/ui/component/material/SegmentedList.kt:85:73 Unresolved reference 'segmentedColors'.
e: file:///home/z/work/superliquid/app/src/main/java/io/github/liuran001/mmliquidglass/ui/component/material/SegmentedList.kt:92:66 Unresolved reference 'ListItemShapes'.
e: file:///home/z/work/superliquid/app/src/main/java/io/github/liuran001/mmliquidglass/ui/component/material/SegmentedList.kt:93:33 Unresolved reference 'segmentedShapes'.
e: file:///home/z/work/superliquid/app/src/main/java/io/github/liuran001/mmliquidglass/ui/component/material/SegmentedList.kt:95:14 Cannot infer type for type parameter 'K'. Specify it explicitly.
e: file:///home/z/work/superliquid/app/src/main/java/io/github/liuran001/mmliquidglass/ui/component/material/SegmentedList.kt:95:14 Cannot infer type for type parameter 'V'. Specify it explicitly.
e: file:///home/z/work/superliquid/app/src/main/java/io/github/liuran001/mmliquidglass/ui/component/material/SegmentedList.kt:95:14 This declaration needs opt-in. Its usage must be marked with '@kotlin.ExperimentalStdlibApi' or '@OptIn(kotlin.ExperimentalStdlibApi::class)'
e: file:///home/z/work/superliquid/app/src/main/java/io/github/liuran001/mmliquidglass/ui/component/material/SegmentedList.kt:204:69 Unresolved reference 'SegmentedGap'.
e: file:///home/z/work/superliquid/app/src/main/java/io/github/liuran001/mmliquidglass/ui/component/material/SegmentedList.kt:230:79 Unresolved reference 'segmentedShapes'.
e: file:///home/z/work/superliquid/app/src/main/java/io/github/liuran001/mmliquidglass/ui/component/material/SegmentedList.kt:230:101 Cannot infer type for type parameter 'K'. Specify it explicitly.
e: file:///home/z/work/superliquid/app/src/main/java/io/github/liuran001/mmliquidglass/ui/component/material/SegmentedList.kt:230:101 Cannot infer type for type parameter 'V'. Specify it explicitly.
e: file:///home/z/work/superliquid/app/src/main/java/io/github/liuran001/mmliquidglass/ui/component/material/SegmentedList.kt:230:101 This declaration needs opt-in. Its usage must be marked with '@kotlin.ExperimentalStdlibApi' or '@OptIn(kotlin.ExperimentalStdlibApi::class)'
e: file:///home/z/work/superliquid/app/src/main/java/io/github/liuran001/mmliquidglass/ui/component/material/SegmentedList.kt:275:66 Unresolved reference 'segmentedShapes'.
e: file:///home/z/work/superliquid/app/src/main/java/io/github/liuran001/mmliquidglass/ui/component/material/SegmentedList.kt:279:24 Unresolved reference 'shape'.
e: file:///home/z/work/superliquid/app/src/main/java/io/github/liuran001/mmliquidglass/ui/component/material/SegmentedList.kt:301:5 None of the following candidates is applicable:

fun SegmentedListItem(modifier: Modifier = ..., onClick: (() -> Unit)? = ..., onLongClick: (() -> Unit)? = ..., enabled: Boolean = ..., colors: ListItemColors = ..., interactionSource: MutableInteractionSource? = ..., headlineContent: ComposableFunction0<Unit>, overlineContent: ComposableFunction0<Unit>? = ..., supportingContent: ComposableFunction0<Unit>? = ..., leadingContent: ComposableFunction0<Unit>? = ..., trailingContent: ComposableFunction0<Unit>? = ...): Unit
fun SegmentedListItem(checked: Boolean, onCheckedChange: (Boolean) -> Unit, modifier: Modifier = ..., enabled: Boolean = ..., colors: ListItemColors = ..., interactionSource: MutableInteractionSource? = ..., headlineContent: ComposableFunction0<Unit>, overlineContent: ComposableFunction0<Unit>? = ..., supportingContent: ComposableFunction0<Unit>? = ..., leadingContent: ComposableFunction0<Unit>? = ..., trailingContent: ComposableFunction0<Unit>? = ..., onLongClick: (() -> Unit)? = ...): Unit:
  No parameter with name 'onClick' found.
  No value passed for parameter 'checked'.
  No value passed for parameter 'onCheckedChange'.

fun SegmentedListItem(selected: Boolean, onClick: () -> Unit, modifier: Modifier = ..., enabled: Boolean = ..., colors: ListItemColors = ..., interactionSource: MutableInteractionSource? = ..., headlineContent: ComposableFunction0<Unit>, overlineContent: ComposableFunction0<Unit>? = ..., supportingContent: ComposableFunction0<Unit>? = ..., leadingContent: ComposableFunction0<Unit>? = ..., trailingContent: ComposableFunction0<Unit>? = ..., onLongClick: (() -> Unit)? = ...): Unit:
  No value passed for parameter 'selected'.
e: file:///home/z/work/superliquid/app/src/main/java/io/github/liuran001/mmliquidglass/ui/component/material/SegmentedList.kt:301:5 No value passed for parameter 'headlineContent'.
e: file:///home/z/work/superliquid/app/src/main/java/io/github/liuran001/mmliquidglass/ui/component/material/SegmentedList.kt:307:9 No parameter with name 'shapes' found.
e: file:///home/z/work/superliquid/app/src/main/java/io/github/liuran001/mmliquidglass/ui/component/material/SegmentedList.kt:307:66 Unresolved reference 'segmentedShapes'.
e: file:///home/z/work/superliquid/app/src/main/java/io/github/liuran001/mmliquidglass/ui/component/material/SegmentedList.kt:313:9 No parameter with name 'verticalAlignment' found.
e: file:///home/z/work/superliquid/app/src/main/java/io/github/liuran001/mmliquidglass/ui/component/material/SegmentedList.kt:314:9 No parameter with name 'content' found.
e: file:///home/z/work/superliquid/app/src/main/java/io/github/liuran001/mmliquidglass/ui/component/material/SegmentedList.kt:333:5 None of the following candidates is applicable:

fun SegmentedListItem(modifier: Modifier = ..., onClick: (() -> Unit)? = ..., onLongClick: (() -> Unit)? = ..., enabled: Boolean = ..., colors: ListItemColors = ..., interactionSource: MutableInteractionSource? = ..., headlineContent: ComposableFunction0<Unit>, overlineContent: ComposableFunction0<Unit>? = ..., supportingContent: ComposableFunction0<Unit>? = ..., leadingContent: ComposableFunction0<Unit>? = ..., trailingContent: ComposableFunction0<Unit>? = ...): Unit:
  No parameter with name 'checked' found.
  No parameter with name 'onCheckedChange' found.

fun SegmentedListItem(checked: Boolean, onCheckedChange: (Boolean) -> Unit, modifier: Modifier = ..., enabled: Boolean = ..., colors: ListItemColors = ..., interactionSource: MutableInteractionSource? = ..., headlineContent: ComposableFunction0<Unit>, overlineContent: ComposableFunction0<Unit>? = ..., supportingContent: ComposableFunction0<Unit>? = ..., leadingContent: ComposableFunction0<Unit>? = ..., trailingContent: ComposableFunction0<Unit>? = ..., onLongClick: (() -> Unit)? = ...): Unit
fun SegmentedListItem(selected: Boolean, onClick: () -> Unit, modifier: Modifier = ..., enabled: Boolean = ..., colors: ListItemColors = ..., interactionSource: MutableInteractionSource? = ..., headlineContent: ComposableFunction0<Unit>, overlineContent: ComposableFunction0<Unit>? = ..., supportingContent: ComposableFunction0<Unit>? = ..., leadingContent: ComposableFunction0<Unit>? = ..., trailingContent: ComposableFunction0<Unit>? = ..., onLongClick: (() -> Unit)? = ...): Unit:
  No parameter with name 'checked' found.
  No parameter with name 'onCheckedChange' found.
  No value passed for parameter 'selected'.
  No value passed for parameter 'onClick'.
e: file:///home/z/work/superliquid/app/src/main/java/io/github/liuran001/mmliquidglass/ui/component/material/SegmentedList.kt:333:5 No value passed for parameter 'headlineContent'.
e: file:///home/z/work/superliquid/app/src/main/java/io/github/liuran001/mmliquidglass/ui/component/material/SegmentedList.kt:336:9 No parameter with name 'shapes' found.
e: file:///home/z/work/superliquid/app/src/main/java/io/github/liuran001/mmliquidglass/ui/component/material/SegmentedList.kt:336:66 Unresolved reference 'segmentedShapes'.
e: file:///home/z/work/superliquid/app/src/main/java/io/github/liuran001/mmliquidglass/ui/component/material/SegmentedList.kt:345:9 No parameter with name 'verticalAlignment' found.
e: file:///home/z/work/superliquid/app/src/main/java/io/github/liuran001/mmliquidglass/ui/component/material/SegmentedList.kt:347:9 No parameter with name 'content' found.
e: file:///home/z/work/superliquid/app/src/main/java/io/github/liuran001/mmliquidglass/ui/component/material/SegmentedList.kt:366:5 None of the following candidates is applicable:

fun SegmentedListItem(modifier: Modifier = ..., onClick: (() -> Unit)? = ..., onLongClick: (() -> Unit)? = ..., enabled: Boolean = ..., colors: ListItemColors = ..., interactionSource: MutableInteractionSource? = ..., headlineContent: ComposableFunction0<Unit>, overlineContent: ComposableFunction0<Unit>? = ..., supportingContent: ComposableFunction0<Unit>? = ..., leadingContent: ComposableFunction0<Unit>? = ..., trailingContent: ComposableFunction0<Unit>? = ...): Unit:
  No parameter with name 'selected' found.

fun SegmentedListItem(checked: Boolean, onCheckedChange: (Boolean) -> Unit, modifier: Modifier = ..., enabled: Boolean = ..., colors: ListItemColors = ..., interactionSource: MutableInteractionSource? = ..., headlineContent: ComposableFunction0<Unit>, overlineContent: ComposableFunction0<Unit>? = ..., supportingContent: ComposableFunction0<Unit>? = ..., leadingContent: ComposableFunction0<Unit>? = ..., trailingContent: ComposableFunction0<Unit>? = ..., onLongClick: (() -> Unit)? = ...): Unit:
  No parameter with name 'selected' found.
  No parameter with name 'onClick' found.
  No value passed for parameter 'checked'.
  No value passed for parameter 'onCheckedChange'.

fun SegmentedListItem(selected: Boolean, onClick: () -> Unit, modifier: Modifier = ..., enabled: Boolean = ..., colors: ListItemColors = ..., interactionSource: MutableInteractionSource? = ..., headlineContent: ComposableFunction0<Unit>, overlineContent: ComposableFunction0<Unit>? = ..., supportingContent: ComposableFunction0<Unit>? = ..., leadingContent: ComposableFunction0<Unit>? = ..., trailingContent: ComposableFunction0<Unit>? = ..., onLongClick: (() -> Unit)? = ...): Unit
e: file:///home/z/work/superliquid/app/src/main/java/io/github/liuran001/mmliquidglass/ui/component/material/SegmentedList.kt:366:5 No value passed for parameter 'headlineContent'.
e: file:///home/z/work/superliquid/app/src/main/java/io/github/liuran001/mmliquidglass/ui/component/material/SegmentedList.kt:369:9 No parameter with name 'shapes' found.
e: file:///home/z/work/superliquid/app/src/main/java/io/github/liuran001/mmliquidglass/ui/component/material/SegmentedList.kt:369:66 Unresolved reference 'segmentedShapes'.
e: file:///home/z/work/superliquid/app/src/main/java/io/github/liuran001/mmliquidglass/ui/component/material/SegmentedList.kt:378:9 No parameter with name 'verticalAlignment' found.
e: file:///home/z/work/superliquid/app/src/main/java/io/github/liuran001/mmliquidglass/ui/component/material/SegmentedList.kt:380:9 No parameter with name 'content' found.
e: file:///home/z/work/superliquid/app/src/main/java/io/github/liuran001/mmliquidglass/ui/component/material/SegmentedList.kt:442:29 Unresolved reference 'trackPressPosition'.
e: file:///home/z/work/superliquid/app/src/main/java/io/github/liuran001/mmliquidglass/ui/component/material/SegmentedList.kt:442:65 Unresolved reference 'it'.
e: file:///home/z/work/superliquid/app/src/main/java/io/github/liuran001/mmliquidglass/ui/component/material/SegmentedList.kt:465:9 Unresolved reference 'OffsetAnchoredExpressiveMenu'.
e: file:///home/z/work/superliquid/app/src/main/java/io/github/liuran001/mmliquidglass/ui/component/material/SegmentedList.kt:471:17 Unresolved reference 'SelectableDropdownMenuItem'.
e: file:///home/z/work/superliquid/app/src/main/java/io/github/liuran001/mmliquidglass/ui/component/material/SegmentedList.kt:472:30 @Composable invocations can only happen from the context of a @Composable function
e: file:///home/z/work/superliquid/app/src/main/java/io/github/liuran001/mmliquidglass/ui/component/material/SegmentedList.kt:481:43 Unresolved reference 'itemShape'.
e: file:///home/z/work/superliquid/app/src/main/java/io/github/liuran001/mmliquidglass/ui/component/material/SegmentedList.kt:483:25 @Composable invocations can only happen from the context of a @Composable function
e: file:///home/z/work/superliquid/app/src/main/java/io/github/liuran001/mmliquidglass/ui/component/material/SegmentedList.kt:486:67 Unresolved reference 'LeadingIconSize'.
e: file:///home/z/work/superliquid/app/src/main/java/io/github/liuran001/mmliquidglass/ui/component/material/SegmentedList.kt:602:91 Unresolved reference 'contentColor' on receiver of type 'ListItemColors'.
e: file:///home/z/work/superliquid/app/src/main/java/io/github/liuran001/mmliquidglass/ui/component/material/SegmentedList.kt:620:32 Unresolved reference 'supportingContentColor' on receiver of type 'ListItemColors'.
e: file:///home/z/work/superliquid/app/src/main/java/io/github/liuran001/mmliquidglass/ui/component/material/SegmentedList.kt:637:71 Unresolved reference 'supportingContentColor' on receiver of type 'ListItemColors'.
e: file:///home/z/work/superliquid/app/src/main/java/io/github/liuran001/mmliquidglass/ui/screen/about/AboutMaterial.kt:19:35 Cannot access 'fun LargeFlexibleTopAppBar(title: ComposableFunction0<Unit>, modifier: Modifier = ..., subtitle: ComposableFunction0<Unit>? = ..., navigationIcon: ComposableFunction0<Unit> = ..., actions: ComposableFunction1<RowScope, Unit> = ..., titleHorizontalAlignment: Alignment.Horizontal = ..., collapsedHeight: Dp = ..., expandedHeight: Dp = ..., windowInsets: WindowInsets = ..., colors: TopAppBarColors = ..., scrollBehavior: TopAppBarScrollBehavior? = ...): Unit': it is internal in file.
e: file:///home/z/work/superliquid/app/src/main/java/io/github/liuran001/mmliquidglass/ui/screen/about/AboutMaterial.kt:35:64 Unresolved reference 'ExpressiveScaffold'.
e: file:///home/z/work/superliquid/app/src/main/java/io/github/liuran001/mmliquidglass/ui/screen/about/AboutMaterial.kt:38:64 Unresolved reference 'TopBarBackButton'.
e: file:///home/z/work/superliquid/app/src/main/java/io/github/liuran001/mmliquidglass/ui/screen/about/AboutMaterial.kt:39:64 Unresolved reference 'expressiveTopAppBarColors'.
e: file:///home/z/work/superliquid/app/src/main/java/io/github/liuran001/mmliquidglass/ui/screen/about/AboutMaterial.kt:46:44 This material API is experimental and is likely to change or to be removed in the future.
e: file:///home/z/work/superliquid/app/src/main/java/io/github/liuran001/mmliquidglass/ui/screen/about/AboutMaterial.kt:48:5 Unresolved reference 'ExpressiveScaffold'.
e: file:///home/z/work/superliquid/app/src/main/java/io/github/liuran001/mmliquidglass/ui/screen/about/AboutMaterial.kt:50:13 @Composable invocations can only happen from the context of a @Composable function
e: file:///home/z/work/superliquid/app/src/main/java/io/github/liuran001/mmliquidglass/ui/screen/about/AboutMaterial.kt:50:13 Cannot access 'fun LargeFlexibleTopAppBar(title: ComposableFunction0<Unit>, modifier: Modifier = ..., subtitle: ComposableFunction0<Unit>? = ..., navigationIcon: ComposableFunction0<Unit> = ..., actions: ComposableFunction1<RowScope, Unit> = ..., titleHorizontalAlignment: Alignment.Horizontal = ..., collapsedHeight: Dp = ..., expandedHeight: Dp = ..., windowInsets: WindowInsets = ..., colors: TopAppBarColors = ..., scrollBehavior: TopAppBarScrollBehavior? = ...): Unit': it is internal in file.
e: file:///home/z/work/superliquid/app/src/main/java/io/github/liuran001/mmliquidglass/ui/screen/about/AboutMaterial.kt:50:13 This material API is experimental and is likely to change or to be removed in the future.
e: file:///home/z/work/superliquid/app/src/main/java/io/github/liuran001/mmliquidglass/ui/screen/about/AboutMaterial.kt:53:21 Unresolved reference 'TopBarBackButton'.
e: file:///home/z/work/superliquid/app/src/main/java/io/github/liuran001/mmliquidglass/ui/screen/about/AboutMaterial.kt:55:26 Unresolved reference 'expressiveTopAppBarColors'.
e: file:///home/z/work/superliquid/app/src/main/java/io/github/liuran001/mmliquidglass/ui/screen/about/AboutMaterial.kt:56:34 This material API is experimental and is likely to change or to be removed in the future.
e: file:///home/z/work/superliquid/app/src/main/java/io/github/liuran001/mmliquidglass/ui/screen/about/AboutMaterial.kt:59:9 Cannot infer type for value parameter 'innerPadding'. Specify it explicitly.
e: file:///home/z/work/superliquid/app/src/main/java/io/github/liuran001/mmliquidglass/ui/screen/about/AboutMaterial.kt:60:9 @Composable invocations can only happen from the context of a @Composable function
e: file:///home/z/work/superliquid/app/src/main/java/io/github/liuran001/mmliquidglass/ui/screen/about/AboutMaterial.kt:64:31 This material API is experimental and is likely to change or to be removed in the future.
e: file:///home/z/work/superliquid/app/src/main/java/io/github/liuran001/mmliquidglass/ui/screen/about/AboutMiuix.kt:60:55 Unresolved reference 'miuix'.
e: file:///home/z/work/superliquid/app/src/main/java/io/github/liuran001/mmliquidglass/ui/screen/about/AboutMiuix.kt:61:55 Unresolved reference 'miuix'.
e: file:///home/z/work/superliquid/app/src/main/java/io/github/liuran001/mmliquidglass/ui/screen/about/AboutMiuix.kt:83:35 Unresolved reference 'extended'.
e: file:///home/z/work/superliquid/app/src/main/java/io/github/liuran001/mmliquidglass/ui/screen/about/AboutMiuix.kt:139:58 Unresolved reference 'Back'.
e: file:///home/z/work/superliquid/app/src/main/java/io/github/liuran001/mmliquidglass/ui/screen/about/AboutMiuix.kt:185:23 Cannot infer type for type parameter 'T'. Specify it explicitly.
e: file:///home/z/work/superliquid/app/src/main/java/io/github/liuran001/mmliquidglass/ui/screen/about/AboutMiuix.kt:186:23 Unresolved reference 'ColorBlendToken'.
e: file:///home/z/work/superliquid/app/src/main/java/io/github/liuran001/mmliquidglass/ui/screen/about/AboutMiuix.kt:187:14 Unresolved reference 'ColorBlendToken'.
e: file:///home/z/work/superliquid/app/src/main/java/io/github/liuran001/mmliquidglass/ui/screen/about/AboutMiuix.kt:258:5 Unresolved reference 'BgEffectBackground'.
e: file:///home/z/work/superliquid/app/src/main/java/io/github/liuran001/mmliquidglass/ui/screen/about/AboutMiuix.kt:267:9 @Composable invocations can only happen from the context of a @Composable function
e: file:///home/z/work/superliquid/app/src/main/java/io/github/liuran001/mmliquidglass/ui/screen/about/AboutMiuix.kt:370:9 @Composable invocations can only happen from the context of a @Composable function
e: file:///home/z/work/superliquid/app/src/main/java/io/github/liuran001/mmliquidglass/ui/theme/MaterialTheme.kt:5:35 Cannot access 'fun MaterialExpressiveTheme(colorScheme: ColorScheme? = ..., motionScheme: MotionScheme? = ..., shapes: Shapes? = ..., typography: Typography? = ..., content: ComposableFunction0<Unit>): Unit': it is internal in file.
e: file:///home/z/work/superliquid/app/src/main/java/io/github/liuran001/mmliquidglass/ui/theme/MaterialTheme.kt:6:35 Cannot access 'interface MotionScheme : Any': it is internal in file.
e: file:///home/z/work/superliquid/app/src/main/java/io/github/liuran001/mmliquidglass/ui/theme/MaterialTheme.kt:43:5 Cannot access 'fun MaterialExpressiveTheme(colorScheme: ColorScheme? = ..., motionScheme: MotionScheme? = ..., shapes: Shapes? = ..., typography: Typography? = ..., content: ComposableFunction0<Unit>): Unit': it is internal in file.
e: file:///home/z/work/superliquid/app/src/main/java/io/github/liuran001/mmliquidglass/ui/theme/MaterialTheme.kt:45:24 Cannot access 'interface MotionScheme : Any': it is internal in file.
e: file:///home/z/work/superliquid/app/src/main/java/io/github/liuran001/mmliquidglass/ui/theme/MaterialTheme.kt:45:37 Cannot access 'fun expressive(): MotionScheme': it is internal in 'androidx.compose.material3.MotionScheme.Companion'.
e: file:///home/z/work/superliquid/app/src/main/java/io/github/liuran001/mmliquidglass/ui/theme/Theme.kt:110:5 'when' expression must be exhaustive. Add the 'MAT', 'MIUIX' branches or an 'else' branch.
e: file:///home/z/work/superliquid/app/src/main/java/io/github/liuran001/mmliquidglass/ui/theme/Theme.kt:111:16 Unresolved reference 'Miuix'.
e: file:///home/z/work/superliquid/app/src/main/java/io/github/liuran001/mmliquidglass/ui/theme/Theme.kt:116:16 Unresolved reference 'Material'.
e: file:///home/z/work/superliquid/app/src/main/java/io/github/liuran001/mmliquidglass/ui/webui/MonetColorsProvider.kt:29:9 'when' expression must be exhaustive. Add the 'MAT', 'MIUIX' branches or an 'else' branch.
e: file:///home/z/work/superliquid/app/src/main/java/io/github/liuran001/mmliquidglass/ui/webui/MonetColorsProvider.kt:30:20 Unresolved reference 'Miuix'.
e: file:///home/z/work/superliquid/app/src/main/java/io/github/liuran001/mmliquidglass/ui/webui/MonetColorsProvider.kt:31:20 Unresolved reference 'Material'.

> Task :app:compileReleaseKotlin FAILED

[Incubating] Problems report is available at: file:///home/z/work/superliquid/build/reports/problems/problems-report.html

FAILURE: Build completed with 2 failures.

1: Task failed with an exception.
-----------
* What went wrong:
Execution failed for task ':app:processReleaseMainManifest' (registered by plugin 'com.android.internal.application').
> Manifest merger failed : uses-sdk:minSdkVersion 26 cannot be smaller than version 33 declared in library [top.yukonga.miuix.kmp:miuix-blur-android:0.9.4] /home/z/.gradle/caches/9.7.1/transforms/fca05264f4a16613dc9607d79ba2a539/transformed/miuix-blur/AndroidManifest.xml as the library might be using APIs not available in 26
  	Suggestion: use a compatible library with a minSdk of at most 26,
  		or increase this project's minSdk version to at least 33,
  		or use tools:overrideLibrary="top.yukonga.miuix.kmp.blur" to force usage (may lead to runtime failures)

* Try:
> Run with --stacktrace option to get the stack trace.
> Run with --info or --debug option to get more log output.
> Run with --scan to get full insights from a Build Scan (powered by Develocity).
> Get more help at https://help.gradle.org.
==============================================================================

2: Task failed with an exception.
-----------
* What went wrong:
Execution failed for task ':app:compileReleaseKotlin' (registered by plugin 'com.android.internal.application').
> A failure occurred while executing org.jetbrains.kotlin.compilerRunner.btapi.BuildToolsApiCompilationWork
   > Kotlin compiler: INVISIBLE_REFERENCE
       Kotlin compiler error
         Cannot access 'var uiPrefs: SharedPreferences': it is private in 'io.github.liuran001.mmliquidglass.ui.Config'.
         Location: /home/z/work/superliquid/app/src/main/java/io/github/liuran001/mmliquidglass/data/repository/SettingsRepository.kt line 19

* Try:
> Run with --stacktrace option to get the stack trace.
> Run with --info or --debug option to get more log output.
> Run with --scan to get full insights from a Build Scan (powered by Develocity).
> Get more help at https://help.gradle.org.
==============================================================================

BUILD FAILED in 25s
20 actionable tasks: 13 executed, 7 up-to-date
